// Jest Snapshot v1, https://goo.gl/fbAQLP

exports[`functions/h-section.ts H-300x250x30x50 1`] = `
[
  [
    {
      "x": -125,
      "y": 150,
    },
    {
      "x": 125,
      "y": 150,
    },
    {
      "x": 125,
      "y": 110,
    },
    {
      "x": 115,
      "y": 100,
    },
    {
      "x": 25,
      "y": 100,
    },
    {
      "x": 15,
      "y": 90,
    },
    {
      "x": 15,
      "y": -90,
    },
    {
      "x": 25,
      "y": -100,
    },
    {
      "x": 115,
      "y": -100,
    },
    {
      "x": 125,
      "y": -110,
    },
    {
      "x": 125,
      "y": -150,
    },
    {
      "x": -125,
      "y": -150,
    },
    {
      "x": -125,
      "y": -110,
    },
    {
      "x": -115,
      "y": -100,
    },
    {
      "x": -25,
      "y": -100,
    },
    {
      "x": -15,
      "y": -90,
    },
    {
      "x": -15,
      "y": 90,
    },
    {
      "x": -25,
      "y": 100,
    },
    {
      "x": -115,
      "y": 100,
    },
    {
      "x": -125,
      "y": 110,
    },
  ],
]
`;
