// Jest Snapshot v1, https://goo.gl/fbAQLP

exports[`functions/solid-rectangle.ts 250x300 1`] = `
[
  [
    {
      "x": -125,
      "y": 150,
    },
    {
      "x": 125,
      "y": 150,
    },
    {
      "x": 125,
      "y": -150,
    },
    {
      "x": -125,
      "y": -150,
    },
  ],
]
`;
